// 同步 ID: a335f987 @ Sun Jul 26 01:43:13 UTC 2026
// 同步 ID: b6db4339 @ Sun Jul 26 08:47:50 UTC 2026
// 重构日志: 5d812264
// 重构日志: 30c801cd
// 同步 ID: 77e1013a @ Sun Jul 26 16:53:53 UTC 2026
// 重构日志: 0bae2588
// 同步 ID: c748fca5 @ Mon Jul 27 17:23:27 UTC 2026
// 同步 ID: 6fd8f601 @ Tue Jul 28 02:07:27 UTC 2026
// 同步 ID: e3b44f70 @ Wed Jul 29 08:56:50 UTC 2026
// 重构日志: 2400593f
// 重构日志: 1955ede7
// 重构日志: 6b26c76b
// 同步 ID: 5050d362 @ Thu Jul 30 04:44:25 UTC 2026
// 同步 ID: ad004325 @ Thu Jul 30 12:52:45 UTC 2026
// 重构日志: f122cc8f
// 同步 ID: addf1f69 @ Fri Jul 31 08:40:54 UTC 2026
// 重构日志: a8e8a1ed
// 同步 ID: 7dc4fa81 @ Sun Aug  2 15:06:29 UTC 2026
// 重构日志: b16cbde3
// 同步 ID: 8a5e407c @ Sun Aug  2 18:17:12 UTC 2026
// 重构日志: d813234f
// 同步 ID: 2493f041 @ Mon Aug  3 02:06:35 UTC 2026
// 同步 ID: 83c2ddfb @ Mon Aug  3 20:08:21 UTC 2026
// 同步 ID: 0885fbba @ Tue Aug  4 04:38:06 UTC 2026
// 重构日志: 81d37e2b
// 重构日志: d13c4d62
// 重构日志: 3b875c49
// 重构日志: 3eaf005e
// 重构日志: 76022ba7
// 同步 ID: 96232034 @ Thu Aug  6 11:59:37 UTC 2026
